Reinitialized existing Git repository in /home/kali/Documents/opensource2/.git/
[20230520234942 007e2ac] Initial commit
 4 files changed, 1174 insertions(+)
 create mode 100755 breaches_per_month
 create mode 100644 cleaned.tsv
 create mode 100644 git2.log
Switched to a new branch '20230520235926'
Median: 93
MAD: 11.5
Month     Incidents
Jan      100
Feb       93
Mar      102
Apr       71 --
May       93
Jun       77 --
Jul       72 --
Aug       75 --
Sep      107 ++
Oct       95
Nov       93
Dec       77 --
[20230520235926 deb991d] Added calculations for 20230520235926
 1 file changed, 21 insertions(+)
